[Request0]
Direction=read
Type=bit
Baudrate=115200
Address=1
Period=100
var0=3800#bool#SCo_Зима/~Лето
var1=3801#bool#SCo_Дист/~Мест
var2=3802#bool#SCo_Таймер
var3=3803#bool#SCo_Блокировка
var4=3804#bool#SCo_Пуск/~Стоп
var5=3805#bool#SCo_Локальный_~Пуск/Стоп
var6=3806#bool#SCo_Режим_R2
var7=3807#bool#SCo_Режим_R3
var8=3808#bool#SCo_Режим_R4
var9=3809#bool#SCo_Режим_R5
var10=380a#bool#SCo_Режим_R6
[Request1]
Direction=read/write
Type=bit
Baudrate=115200
Address=1
Period=100
var0=3c00#bool#SCi_Дист/Мест
var1=3c01#bool#SCi_Таймер
var2=3c02#bool#SCi_Пуск
var3=3c03#bool#SCi_Стоп
var4=3c04#bool#SCi_Сброс_аварии
var5=3c05#bool#SCi_Блокировка
var6=3c06#bool#SCi_Резерв_B1
var7=3c07#bool#SCi_Резерв_B2
var8=3c08#bool#SCi_Резерв_B3
var9=3c09#bool#SCi_Резерв_B4
var10=3c0a#bool#SCi_Резерв_B5
var11=3c0b#bool#SCi_Резерв_B6
var12=3c0c#bool#SCi_Резерв_B7
[Request2]
Direction=read
Type=reg
Baudrate=115200
Address=1
Period=100
var0=a000#long#SCADA
var1=a002#long#Version
var2=a004#long#SCo_Код (SCADA)
var3=a006#long#SCo_Код (CPU)
var4=a008#long#SCo_Код (Аварии)
var5=a00a#long#SCo_Код (SENS)
var6=a00c#int#SCo_Код (Состояние)
var7=a00d#long#SCo_Код (Отключение)
var8=a00f#long#SCo_Код (Расположение)
var9=a011#long#SCo_Код (Программа)
var10=a013#long#SCo_Код (MV)
var11=a015#long#SCo_Код (R2)
var12=a017#long#SCo_Код (R3)
var13=a019#long#SCo_Код (R4)
var14=a01b#long#SCo_Код (R5)
var15=a01d#long#SCo_Код (R6)
var16=a01f#long#SCo_Код (R7)
var17=a021#real#SCo_t_(наружная)
var18=a023#real#SCo_t_(канала)
var19=a025#real#SCo_t_(обр_воды)
var20=a027#real#SCo_t_(помещения)
var21=a029#real#SCo_t_(вытяжки)
var22=a02b#real#SCo_Влажность
var23=a02d#real#SCo_Расход_Приток
var24=a02f#real#SCo_Расход_Вытяжка
var25=a031#real#SCo_CO2
var26=a033#real#SCo_PDS_Рекуперат
var27=a035#real#SCo_t_(обр_воды2)
var28=a037#real#SCo_ДR1
var29=a039#real#SCo_ДR2
var30=a03b#real#SCo_ДR3
var31=a03d#real#SCo_ДR4
var32=a03f#real#SCo_Уставка_t
var33=a041#real#SCo_Уставка_h
var34=a043#real#SCo_Уставка_CO2
var35=a045#int#SCo_Уставка_tзл
var36=a046#int#SCo_Уставка_ВГ
var37=a047#real#SCo_Уставка_поправка(t)
var38=a049#real#SCo_Уставка_итог(t)
var39=a04b#int#SCo_Уставка_РЗВ
var40=a04c#int#SCo_Уставка_ВКЛ
var41=a04d#real#SCo_Уставка_Задатчик
var42=a04f#long#SCo_Уставка_R2
var43=a051#long#SCo_Уставка_R3
var44=a053#long#SCo_Уставка_R4
var45=a055#long#SCo_Уставка_R5
var46=a057#real#SCo_max_(Уст_t)
var47=a059#real#SCo_min_(Уст_t)
var48=a05b#real#SCo_max_(Уст_h)
var49=a05d#real#SCo_min_(Уст_h)
var50=a05f#real#SCo_max_(Уст_CO2)
var51=a061#real#SCo_min_(Уст_CO2)
var52=a063#int#SCo_max_(Уст_tзл)
var53=a064#int#SCo_min_(Уст_tзл)
var54=a065#real#SCo_max_(Задатчик)
var55=a067#real#SCo_min_(Задатчик)
var56=a069#long#SCo_max_(R2)
var57=a06b#long#SCo_min_(R2)
var58=a06d#long#SCo_max_(R3)
var59=a06f#long#SCo_min_(R3)
var60=a071#long#SCo_max_(R4)
var61=a073#long#SCo_min_(R4)
var62=a075#long#SCo_max_(R5)
var63=a077#long#SCo_min_(R5)
var64=a079#int#SCo_Status_ЖП
var65=a07a#int#SCo_Status_ЖВ
var66=a07b#int#SCo_Status_ВП
var67=a07c#int#SCo_Status_ВВ
var68=a07d#int#SCo_Status_ВоКал
var69=a07e#int#SCo_Status_Насос
var70=a07f#int#SCo_Status_ЭКал
var71=a080#int#SCo_Status_Рекуп
var72=a081#int#SCo_Status_СмЗасл
var73=a082#int#SCo_Status_Увлаж
var74=a083#int#SCo_Status_Охлад
var75=a084#int#SCo_Status_R1
var76=a085#int#SCo_Status_R2
var77=a086#int#SCo_Status_R3
var78=a087#int#SCo_Status_R4
var79=a088#int#SCo_Status_R5
var80=a089#int#SCo_Status_R6
var81=a08a#int#SCo_Status_R7
var82=a08b#int#SCo_%ВоКал
var83=a08c#int#SCo_%ЭКал
var84=a08d#int#SCo_СтЭКал
var85=a08e#int#SCo_%Рекуп
var86=a08f#int#SCo_%СмЗасл
var87=a090#int#SCo_%Охл
var88=a091#int#SCo_%Увл
var89=a092#int#SCo_%ВП
var90=a093#int#SCo_%ВВ
var91=a094#int#SCo_%R1
var92=a095#int#SCo_%R2
var93=a096#int#SCo_%R3
var94=a097#int#SCo_%R4
var95=a098#int#SCo_%R5
var96=a099#int#SCo_%R6
var97=a09a#int#SCo_%R7
[Request3]
Direction=read/write
Type=reg
Baudrate=115200
Address=1
Period=100
var0=a400#real#SCi_Уставка_t
var1=a402#real#SCi_Уставка_h
var2=a404#real#SCi_Уставка_CO2
var3=a406#int#SCi_Уставка_tзл
var4=a407#int#SCi_Уставка_ВГ
var5=a408#int#SCi_Уставка_ВКЛ
var6=a409#int#SCi_Уставка_РЗВ
var7=a40a#long#SCi_Резерв_L01
var8=a40c#long#SCi_Резерв_L02
var9=a40e#long#SCi_Резерв_L03
var10=a410#long#SCi_Резерв_L04
var11=a412#long#SCi_Сброс аварии (XX)
var12=a414#long#SCi_Резерв_L05
var13=a416#long#SCi_Резерв_L06
var14=a418#long#SCi_Резерв_L07
var15=a41a#long#SCi_Резерв_L08
var16=a41c#long#SCi_Резерв_L09
var17=a41e#long#SCi_Резерв_L10
var18=a420#long#SCi_Резерв_L11
var19=a422#long#SCi_Резерв_L12
var20=a424#long#SCi_Резерв_L13
var21=a426#long#SCi_Резерв_L14
var22=a428#long#ATi_Код (CPU)
var23=a42a#int#ATi_Контроль связи
var24=a42b#int#ATi_U(р) АВент
var25=a42c#int#ATi_U(р) Рек2
var26=a42d#int#ATi_U(р) ЭКал
var27=a42e#int#ATi_U(р) ВоКал
var28=a42f#int#ATi_U(р) Рек1
var29=a430#int#ATi_U(р) Охл
var30=a431#int#ATi_U(р) Увл
var31=a432#long#ATi_R0
var32=a434#long#ATi_R1
var33=a436#long#ATi_R2
var34=a438#long#ATi_R3
var35=a43a#long#ATi_R4
